// Jest Snapshot v1, https://goo.gl/fbAQLP

exports[`Issue List Report test Snapshot test 1`] = `ShallowWrapper {}`;
